// Jest Snapshot v1, https://goo.gl/fbAQLP

exports[`matches snapshot 1`] = `
<div
  className="App"
>
  <div
    className="main-container"
  >
    <a
      className="link"
      href="/cards"
      onClick={[Function]}
    >
      CardsList
    </a>
  </div>
</div>
`;
